Sat 31 Aug 2024 10:22:38 INFO  ['D:\\Anaconda\\lib\\site-packages\\ipykernel_launcher.py', '-f', 'C:\\Users\\Hooman\\AppData\\Roaming\\jupyter\\runtime\\kernel-8b16ab1d-d690-445b-95e1-14ea9ec9ee26.json']
Sat 31 Aug 2024 10:22:38 INFO  
General Hyper Parameters:
gpu_id = 0
use_gpu = True
seed = 2020
state = INFO
reproducibility = True
data_path = D:\Anaconda\Lib\site-packages\recbole\config\../dataset_example/ml-100k
checkpoint_dir = saved
show_progress = True
save_dataset = False
dataset_save_path = None
save_dataloaders = False
dataloaders_save_path = None
log_wandb = False

Training Hyper Parameters:
epochs = 10
train_batch_size = 512
learner = adam
learning_rate = 0.001
train_neg_sample_args = {'distribution': 'none', 'sample_num': 'none', 'alpha': 'none', 'dynamic': False, 'candidate_num': 0}
eval_step = 1
stopping_step = 10
clip_grad_norm = None
weight_decay = 0.0
loss_decimal_place = 4

Evaluation Hyper Parameters:
eval_args = {'split': {'LS': 'valid_and_test'}, 'order': 'TO', 'group_by': 'user', 'mode': {'valid': 'full', 'test': 'full'}}
repeatable = True
metrics = ['Recall', 'MRR', 'NDCG', 'Hit', 'Precision']
topk = [10]
valid_metric = MRR@10
valid_metric_bigger = True
eval_batch_size = 512
metric_decimal_place = 4

Dataset Hyper Parameters:
field_separator = 	
seq_separator =  
USER_ID_FIELD = user_id
ITEM_ID_FIELD = item_id
RATING_FIELD = rating
TIME_FIELD = timestamp
seq_len = None
LABEL_FIELD = label
threshold = None
NEG_PREFIX = neg_
load_col = {'inter': ['user_id', 'item_id', 'rating', 'timestamp']}
unload_col = None
unused_col = None
additional_feat_suffix = None
rm_dup_inter = None
val_interval = None
filter_inter_by_user_or_item = True
user_inter_num_interval = None
item_inter_num_interval = None
alias_of_user_id = None
alias_of_item_id = None
alias_of_entity_id = None
alias_of_relation_id = None
preload_weight = None
normalize_field = None
normalize_all = True
ITEM_LIST_LENGTH_FIELD = item_length
LIST_SUFFIX = _list
MAX_ITEM_LIST_LENGTH = 50
POSITION_FIELD = position_id
HEAD_ENTITY_ID_FIELD = head_id
TAIL_ENTITY_ID_FIELD = tail_id
RELATION_ID_FIELD = relation_id
ENTITY_ID_FIELD = entity_id
kg_reverse_r = False
entity_kg_num_interval = None
relation_kg_num_interval = None
benchmark_filename = None

Other Hyper Parameters: 
worker = 0
wandb_project = recbole
shuffle = True
require_pow = False
enable_amp = False
enable_scaler = False
transform = mask_itemseq
n_layers = 2
n_heads = 2
hidden_size = 64
inner_size = 256
hidden_dropout_prob = 0.2
attn_dropout_prob = 0.2
hidden_act = gelu
layer_norm_eps = 1e-12
initializer_range = 0.02
mask_ratio = 0.2
loss_type = CE
ft_ratio = 0.5
numerical_features = []
discretization = None
MODEL_TYPE = ModelType.SEQUENTIAL
max_seq_length = 50
embedding_size = 64
num_layers = 2
num_heads = 2
device = cuda
eval_neg_sample_args = None
MODEL_INPUT_TYPE = InputType.POINTWISE
eval_type = EvaluatorType.RANKING
single_spec = True
local_rank = 0
valid_neg_sample_args = {'distribution': 'uniform', 'sample_num': 'none'}
test_neg_sample_args = {'distribution': 'uniform', 'sample_num': 'none'}


Sat 31 Aug 2024 10:22:38 INFO  ml-100k
The number of users: 944
Average actions of users: 106.04453870625663
The number of items: 1683
Average actions of items: 59.45303210463734
The number of inters: 100000
The sparsity of the dataset: 93.70575143257098%
Remain Fields: ['user_id', 'item_id', 'rating', 'timestamp']
Sat 31 Aug 2024 10:22:41 INFO  [Training]: train_batch_size = [512] train_neg_sample_args: [{'distribution': 'none', 'sample_num': 'none', 'alpha': 'none', 'dynamic': False, 'candidate_num': 0}]
Sat 31 Aug 2024 10:22:41 INFO  [Evaluation]: eval_batch_size = [512] eval_args: [{'split': {'LS': 'valid_and_test'}, 'order': 'TO', 'group_by': 'user', 'mode': {'valid': 'full', 'test': 'full'}}]
Sat 31 Aug 2024 10:22:42 INFO  BERT4Rec(
  (item_embedding): Embedding(1684, 64, padding_idx=0)
  (position_embedding): Embedding(50, 64)
  (trm_encoder): TransformerEncoder(
    (layer): ModuleList(
      (0-1): 2 x TransformerLayer(
        (multi_head_attention): MultiHeadAttention(
          (query): Linear(in_features=64, out_features=64, bias=True)
          (key): Linear(in_features=64, out_features=64, bias=True)
          (value): Linear(in_features=64, out_features=64, bias=True)
          (softmax): Softmax(dim=-1)
          (attn_dropout): Dropout(p=0.2, inplace=False)
          (dense): Linear(in_features=64, out_features=64, bias=True)
          (LayerNorm): LayerNorm((64,), eps=1e-12, elementwise_affine=True)
          (out_dropout): Dropout(p=0.2, inplace=False)
        )
        (feed_forward): FeedForward(
          (dense_1): Linear(in_features=64, out_features=256, bias=True)
          (dense_2): Linear(in_features=256, out_features=64, bias=True)
          (LayerNorm): LayerNorm((64,), eps=1e-12, elementwise_affine=True)
          (dropout): Dropout(p=0.2, inplace=False)
        )
      )
    )
  )
  (LayerNorm): LayerNorm((64,), eps=1e-12, elementwise_affine=True)
  (dropout): Dropout(p=0.2, inplace=False)
  (output_ffn): Linear(in_features=64, out_features=64, bias=True)
  (output_gelu): GELU(approximate='none')
  (output_ln): LayerNorm((64,), eps=1e-12, elementwise_affine=True)
)
Trainable parameters: 217043
Sat 31 Aug 2024 11:04:48 INFO  ['D:\\Anaconda\\lib\\site-packages\\ipykernel_launcher.py', '-f', 'C:\\Users\\Hooman\\AppData\\Roaming\\jupyter\\runtime\\kernel-8b16ab1d-d690-445b-95e1-14ea9ec9ee26.json']
Sat 31 Aug 2024 11:04:48 INFO  
General Hyper Parameters:
gpu_id = 0
use_gpu = True
seed = 2020
state = INFO
reproducibility = True
data_path = D:\Anaconda\Lib\site-packages\recbole\config\../dataset_example/ml-100k
checkpoint_dir = saved
show_progress = True
save_dataset = False
dataset_save_path = None
save_dataloaders = False
dataloaders_save_path = None
log_wandb = False

Training Hyper Parameters:
epochs = 300
train_batch_size = 2048
learner = adam
learning_rate = 0.001
train_neg_sample_args = {'distribution': 'none', 'sample_num': 'none', 'alpha': 'none', 'dynamic': False, 'candidate_num': 0}
eval_step = 1
stopping_step = 10
clip_grad_norm = None
weight_decay = 0.0
loss_decimal_place = 4

Evaluation Hyper Parameters:
eval_args = {'split': {'LS': 'valid_and_test'}, 'order': 'TO', 'group_by': 'user', 'mode': {'valid': 'full', 'test': 'full'}}
repeatable = True
metrics = ['Recall', 'MRR', 'NDCG', 'Hit', 'Precision']
topk = [10]
valid_metric = MRR@10
valid_metric_bigger = True
eval_batch_size = 4096
metric_decimal_place = 4

Dataset Hyper Parameters:
field_separator = 	
seq_separator =  
USER_ID_FIELD = user_id
ITEM_ID_FIELD = item_id
RATING_FIELD = rating
TIME_FIELD = timestamp
seq_len = None
LABEL_FIELD = label
threshold = None
NEG_PREFIX = neg_
load_col = {'inter': ['user_id', 'item_id', 'rating', 'timestamp']}
unload_col = None
unused_col = None
additional_feat_suffix = None
rm_dup_inter = None
val_interval = None
filter_inter_by_user_or_item = True
user_inter_num_interval = None
item_inter_num_interval = None
alias_of_user_id = None
alias_of_item_id = None
alias_of_entity_id = None
alias_of_relation_id = None
preload_weight = None
normalize_field = None
normalize_all = True
ITEM_LIST_LENGTH_FIELD = item_length
LIST_SUFFIX = _list
MAX_ITEM_LIST_LENGTH = 50
POSITION_FIELD = position_id
HEAD_ENTITY_ID_FIELD = head_id
TAIL_ENTITY_ID_FIELD = tail_id
RELATION_ID_FIELD = relation_id
ENTITY_ID_FIELD = entity_id
kg_reverse_r = False
entity_kg_num_interval = None
relation_kg_num_interval = None
benchmark_filename = None

Other Hyper Parameters: 
worker = 0
wandb_project = recbole
shuffle = True
require_pow = False
enable_amp = False
enable_scaler = False
transform = mask_itemseq
n_layers = 2
n_heads = 2
hidden_size = 64
inner_size = 256
hidden_dropout_prob = 0.2
attn_dropout_prob = 0.2
hidden_act = gelu
layer_norm_eps = 1e-12
initializer_range = 0.02
mask_ratio = 0.2
loss_type = CE
ft_ratio = 0.5
numerical_features = []
discretization = None
MODEL_TYPE = ModelType.SEQUENTIAL
MODEL_INPUT_TYPE = InputType.POINTWISE
eval_type = EvaluatorType.RANKING
single_spec = True
local_rank = 0
device = cuda
valid_neg_sample_args = {'distribution': 'uniform', 'sample_num': 'none'}
test_neg_sample_args = {'distribution': 'uniform', 'sample_num': 'none'}


Sat 31 Aug 2024 11:04:49 INFO  ml-100k
The number of users: 944
Average actions of users: 106.04453870625663
The number of items: 1683
Average actions of items: 59.45303210463734
The number of inters: 100000
The sparsity of the dataset: 93.70575143257098%
Remain Fields: ['user_id', 'item_id', 'rating', 'timestamp']
Sat 31 Aug 2024 11:04:52 INFO  [Training]: train_batch_size = [2048] train_neg_sample_args: [{'distribution': 'none', 'sample_num': 'none', 'alpha': 'none', 'dynamic': False, 'candidate_num': 0}]
Sat 31 Aug 2024 11:04:52 INFO  [Evaluation]: eval_batch_size = [4096] eval_args: [{'split': {'LS': 'valid_and_test'}, 'order': 'TO', 'group_by': 'user', 'mode': {'valid': 'full', 'test': 'full'}}]
Sat 31 Aug 2024 11:04:52 INFO  BERT4Rec(
  (item_embedding): Embedding(1684, 64, padding_idx=0)
  (position_embedding): Embedding(50, 64)
  (trm_encoder): TransformerEncoder(
    (layer): ModuleList(
      (0-1): 2 x TransformerLayer(
        (multi_head_attention): MultiHeadAttention(
          (query): Linear(in_features=64, out_features=64, bias=True)
          (key): Linear(in_features=64, out_features=64, bias=True)
          (value): Linear(in_features=64, out_features=64, bias=True)
          (softmax): Softmax(dim=-1)
          (attn_dropout): Dropout(p=0.2, inplace=False)
          (dense): Linear(in_features=64, out_features=64, bias=True)
          (LayerNorm): LayerNorm((64,), eps=1e-12, elementwise_affine=True)
          (out_dropout): Dropout(p=0.2, inplace=False)
        )
        (feed_forward): FeedForward(
          (dense_1): Linear(in_features=64, out_features=256, bias=True)
          (dense_2): Linear(in_features=256, out_features=64, bias=True)
          (LayerNorm): LayerNorm((64,), eps=1e-12, elementwise_affine=True)
          (dropout): Dropout(p=0.2, inplace=False)
        )
      )
    )
  )
  (LayerNorm): LayerNorm((64,), eps=1e-12, elementwise_affine=True)
  (dropout): Dropout(p=0.2, inplace=False)
  (output_ffn): Linear(in_features=64, out_features=64, bias=True)
  (output_gelu): GELU(approximate='none')
  (output_ln): LayerNorm((64,), eps=1e-12, elementwise_affine=True)
)
Trainable parameters: 217043
Sat 31 Aug 2024 11:10:12 INFO  ['D:\\Anaconda\\lib\\site-packages\\ipykernel_launcher.py', '-f', 'C:\\Users\\Hooman\\AppData\\Roaming\\jupyter\\runtime\\kernel-8b16ab1d-d690-445b-95e1-14ea9ec9ee26.json']
Sat 31 Aug 2024 11:10:12 INFO  
General Hyper Parameters:
gpu_id = 0
use_gpu = True
seed = 2020
state = INFO
reproducibility = True
data_path = D:\Anaconda\Lib\site-packages\recbole\config\../dataset_example/ml-100k
checkpoint_dir = saved
show_progress = True
save_dataset = False
dataset_save_path = None
save_dataloaders = False
dataloaders_save_path = None
log_wandb = False

Training Hyper Parameters:
epochs = 300
train_batch_size = 2048
learner = adam
learning_rate = 0.001
train_neg_sample_args = {'distribution': 'none', 'sample_num': 'none', 'alpha': 'none', 'dynamic': False, 'candidate_num': 0}
eval_step = 1
stopping_step = 10
clip_grad_norm = None
weight_decay = 0.0
loss_decimal_place = 4

Evaluation Hyper Parameters:
eval_args = {'split': {'LS': 'valid_and_test'}, 'order': 'TO', 'group_by': 'user', 'mode': {'valid': 'full', 'test': 'full'}}
repeatable = True
metrics = ['Recall', 'MRR', 'NDCG', 'Hit', 'Precision']
topk = [10]
valid_metric = MRR@10
valid_metric_bigger = True
eval_batch_size = 4096
metric_decimal_place = 4

Dataset Hyper Parameters:
field_separator = 	
seq_separator =  
USER_ID_FIELD = user_id
ITEM_ID_FIELD = item_id
RATING_FIELD = rating
TIME_FIELD = timestamp
seq_len = None
LABEL_FIELD = label
threshold = None
NEG_PREFIX = neg_
load_col = {'inter': ['user_id', 'item_id', 'rating', 'timestamp']}
unload_col = None
unused_col = None
additional_feat_suffix = None
rm_dup_inter = None
val_interval = None
filter_inter_by_user_or_item = True
user_inter_num_interval = None
item_inter_num_interval = None
alias_of_user_id = None
alias_of_item_id = None
alias_of_entity_id = None
alias_of_relation_id = None
preload_weight = None
normalize_field = None
normalize_all = True
ITEM_LIST_LENGTH_FIELD = item_length
LIST_SUFFIX = _list
MAX_ITEM_LIST_LENGTH = 50
POSITION_FIELD = position_id
HEAD_ENTITY_ID_FIELD = head_id
TAIL_ENTITY_ID_FIELD = tail_id
RELATION_ID_FIELD = relation_id
ENTITY_ID_FIELD = entity_id
kg_reverse_r = False
entity_kg_num_interval = None
relation_kg_num_interval = None
benchmark_filename = None

Other Hyper Parameters: 
worker = 0
wandb_project = recbole
shuffle = True
require_pow = False
enable_amp = False
enable_scaler = False
transform = mask_itemseq
n_layers = 2
n_heads = 2
hidden_size = 64
inner_size = 256
hidden_dropout_prob = 0.2
attn_dropout_prob = 0.2
hidden_act = gelu
layer_norm_eps = 1e-12
initializer_range = 0.02
mask_ratio = 0.2
loss_type = CE
ft_ratio = 0.5
numerical_features = []
discretization = None
MODEL_TYPE = ModelType.SEQUENTIAL
MODEL_INPUT_TYPE = InputType.POINTWISE
eval_type = EvaluatorType.RANKING
single_spec = True
local_rank = 0
device = cuda
valid_neg_sample_args = {'distribution': 'uniform', 'sample_num': 'none'}
test_neg_sample_args = {'distribution': 'uniform', 'sample_num': 'none'}


Sat 31 Aug 2024 11:10:12 INFO  ml-100k
The number of users: 944
Average actions of users: 106.04453870625663
The number of items: 1683
Average actions of items: 59.45303210463734
The number of inters: 100000
The sparsity of the dataset: 93.70575143257098%
Remain Fields: ['user_id', 'item_id', 'rating', 'timestamp']
Sat 31 Aug 2024 11:10:15 INFO  [Training]: train_batch_size = [2048] train_neg_sample_args: [{'distribution': 'none', 'sample_num': 'none', 'alpha': 'none', 'dynamic': False, 'candidate_num': 0}]
Sat 31 Aug 2024 11:10:15 INFO  [Evaluation]: eval_batch_size = [4096] eval_args: [{'split': {'LS': 'valid_and_test'}, 'order': 'TO', 'group_by': 'user', 'mode': {'valid': 'full', 'test': 'full'}}]
Sat 31 Aug 2024 11:10:15 INFO  BERT4Rec(
  (item_embedding): Embedding(1684, 64, padding_idx=0)
  (position_embedding): Embedding(50, 64)
  (trm_encoder): TransformerEncoder(
    (layer): ModuleList(
      (0-1): 2 x TransformerLayer(
        (multi_head_attention): MultiHeadAttention(
          (query): Linear(in_features=64, out_features=64, bias=True)
          (key): Linear(in_features=64, out_features=64, bias=True)
          (value): Linear(in_features=64, out_features=64, bias=True)
          (softmax): Softmax(dim=-1)
          (attn_dropout): Dropout(p=0.2, inplace=False)
          (dense): Linear(in_features=64, out_features=64, bias=True)
          (LayerNorm): LayerNorm((64,), eps=1e-12, elementwise_affine=True)
          (out_dropout): Dropout(p=0.2, inplace=False)
        )
        (feed_forward): FeedForward(
          (dense_1): Linear(in_features=64, out_features=256, bias=True)
          (dense_2): Linear(in_features=256, out_features=64, bias=True)
          (LayerNorm): LayerNorm((64,), eps=1e-12, elementwise_affine=True)
          (dropout): Dropout(p=0.2, inplace=False)
        )
      )
    )
  )
  (LayerNorm): LayerNorm((64,), eps=1e-12, elementwise_affine=True)
  (dropout): Dropout(p=0.2, inplace=False)
  (output_ffn): Linear(in_features=64, out_features=64, bias=True)
  (output_gelu): GELU(approximate='none')
  (output_ln): LayerNorm((64,), eps=1e-12, elementwise_affine=True)
)
Trainable parameters: 217043
Sat 31 Aug 2024 11:10:16 INFO  FLOPs: 5194664.0
Sat 31 Aug 2024 11:10:37 INFO  epoch 0 training [time: 19.79s, train loss: 331.5916]
Sat 31 Aug 2024 11:10:37 INFO  epoch 0 evaluating [time: 0.19s, valid_score: 0.010500]
Sat 31 Aug 2024 11:10:37 INFO  valid result: 
recall@10 : 0.0308    mrr@10 : 0.0105    ndcg@10 : 0.0151    hit@10 : 0.0308    precision@10 : 0.0031
Sat 31 Aug 2024 11:10:37 INFO  Saving current: saved\BERT4Rec-Aug-31-2024_11-10-16.pth
Sat 31 Aug 2024 11:10:56 INFO  epoch 1 training [time: 18.99s, train loss: 321.0637]
Sat 31 Aug 2024 11:10:56 INFO  epoch 1 evaluating [time: 0.15s, valid_score: 0.013200]
Sat 31 Aug 2024 11:10:56 INFO  valid result: 
recall@10 : 0.0435    mrr@10 : 0.0132    ndcg@10 : 0.0202    hit@10 : 0.0435    precision@10 : 0.0043
Sat 31 Aug 2024 11:10:57 INFO  Saving current: saved\BERT4Rec-Aug-31-2024_11-10-16.pth
Sat 31 Aug 2024 11:11:15 INFO  epoch 2 training [time: 18.33s, train loss: 308.8395]
Sat 31 Aug 2024 11:11:15 INFO  epoch 2 evaluating [time: 0.14s, valid_score: 0.020000]
Sat 31 Aug 2024 11:11:15 INFO  valid result: 
recall@10 : 0.0657    mrr@10 : 0.02    ndcg@10 : 0.0306    hit@10 : 0.0657    precision@10 : 0.0066
Sat 31 Aug 2024 11:11:15 INFO  Saving current: saved\BERT4Rec-Aug-31-2024_11-10-16.pth
Sat 31 Aug 2024 11:11:33 INFO  epoch 3 training [time: 18.07s, train loss: 296.9118]
Sat 31 Aug 2024 11:11:33 INFO  epoch 3 evaluating [time: 0.13s, valid_score: 0.022100]
Sat 31 Aug 2024 11:11:33 INFO  valid result: 
recall@10 : 0.0774    mrr@10 : 0.0221    ndcg@10 : 0.0346    hit@10 : 0.0774    precision@10 : 0.0077
Sat 31 Aug 2024 11:11:33 INFO  Saving current: saved\BERT4Rec-Aug-31-2024_11-10-16.pth
Sat 31 Aug 2024 11:11:51 INFO  epoch 4 training [time: 18.17s, train loss: 290.4121]
Sat 31 Aug 2024 11:11:52 INFO  epoch 4 evaluating [time: 0.16s, valid_score: 0.031700]
Sat 31 Aug 2024 11:11:52 INFO  valid result: 
recall@10 : 0.0986    mrr@10 : 0.0317    ndcg@10 : 0.0472    hit@10 : 0.0986    precision@10 : 0.0099
Sat 31 Aug 2024 11:11:52 INFO  Saving current: saved\BERT4Rec-Aug-31-2024_11-10-16.pth
Sat 31 Aug 2024 11:12:10 INFO  epoch 5 training [time: 18.02s, train loss: 286.2220]
Sat 31 Aug 2024 11:12:10 INFO  epoch 5 evaluating [time: 0.15s, valid_score: 0.030000]
Sat 31 Aug 2024 11:12:10 INFO  valid result: 
recall@10 : 0.1113    mrr@10 : 0.03    ndcg@10 : 0.0486    hit@10 : 0.1113    precision@10 : 0.0111
Sat 31 Aug 2024 11:12:28 INFO  epoch 6 training [time: 18.09s, train loss: 283.1781]
Sat 31 Aug 2024 11:12:28 INFO  epoch 6 evaluating [time: 0.15s, valid_score: 0.038300]
Sat 31 Aug 2024 11:12:28 INFO  valid result: 
recall@10 : 0.123    mrr@10 : 0.0383    ndcg@10 : 0.0577    hit@10 : 0.123    precision@10 : 0.0123
Sat 31 Aug 2024 11:12:28 INFO  Saving current: saved\BERT4Rec-Aug-31-2024_11-10-16.pth
Sat 31 Aug 2024 11:12:46 INFO  epoch 7 training [time: 18.10s, train loss: 280.6115]
Sat 31 Aug 2024 11:12:46 INFO  epoch 7 evaluating [time: 0.13s, valid_score: 0.039200]
Sat 31 Aug 2024 11:12:46 INFO  valid result: 
recall@10 : 0.123    mrr@10 : 0.0392    ndcg@10 : 0.0582    hit@10 : 0.123    precision@10 : 0.0123
Sat 31 Aug 2024 11:12:46 INFO  Saving current: saved\BERT4Rec-Aug-31-2024_11-10-16.pth
Sat 31 Aug 2024 11:13:05 INFO  epoch 8 training [time: 18.37s, train loss: 278.7070]
Sat 31 Aug 2024 11:13:05 INFO  epoch 8 evaluating [time: 0.14s, valid_score: 0.037300]
Sat 31 Aug 2024 11:13:05 INFO  valid result: 
recall@10 : 0.1273    mrr@10 : 0.0373    ndcg@10 : 0.0578    hit@10 : 0.1273    precision@10 : 0.0127
Sat 31 Aug 2024 11:13:22 INFO  ['D:\\Anaconda\\lib\\site-packages\\ipykernel_launcher.py', '-f', 'C:\\Users\\Hooman\\AppData\\Roaming\\jupyter\\runtime\\kernel-8b16ab1d-d690-445b-95e1-14ea9ec9ee26.json']
Sat 31 Aug 2024 11:13:22 INFO  
General Hyper Parameters:
gpu_id = 0
use_gpu = True
seed = 2020
state = INFO
reproducibility = True
data_path = dataset/ml-1m
checkpoint_dir = saved
show_progress = True
save_dataset = False
dataset_save_path = None
save_dataloaders = False
dataloaders_save_path = None
log_wandb = False

Training Hyper Parameters:
epochs = 10
train_batch_size = 512
learner = adam
learning_rate = 0.001
train_neg_sample_args = {'distribution': 'none', 'sample_num': 'none', 'alpha': 'none', 'dynamic': False, 'candidate_num': 0}
eval_step = 1
stopping_step = 10
clip_grad_norm = None
weight_decay = 0.0
loss_decimal_place = 4

Evaluation Hyper Parameters:
eval_args = {'split': {'LS': 'valid_and_test'}, 'order': 'TO', 'group_by': 'user', 'mode': {'valid': 'full', 'test': 'full'}}
repeatable = True
metrics = ['Recall', 'MRR', 'NDCG', 'Hit', 'Precision']
topk = [10]
valid_metric = MRR@10
valid_metric_bigger = True
eval_batch_size = 512
metric_decimal_place = 4

Dataset Hyper Parameters:
field_separator = 	
seq_separator =  
USER_ID_FIELD = user_id
ITEM_ID_FIELD = item_id
RATING_FIELD = rating
TIME_FIELD = timestamp
seq_len = None
LABEL_FIELD = label
threshold = None
NEG_PREFIX = neg_
load_col = {'inter': ['user_id', 'item_id']}
unload_col = None
unused_col = None
additional_feat_suffix = None
rm_dup_inter = None
val_interval = None
filter_inter_by_user_or_item = True
user_inter_num_interval = [0,inf)
item_inter_num_interval = [0,inf)
alias_of_user_id = None
alias_of_item_id = None
alias_of_entity_id = None
alias_of_relation_id = None
preload_weight = None
normalize_field = None
normalize_all = None
ITEM_LIST_LENGTH_FIELD = item_length
LIST_SUFFIX = _list
MAX_ITEM_LIST_LENGTH = 50
POSITION_FIELD = position_id
HEAD_ENTITY_ID_FIELD = head_id
TAIL_ENTITY_ID_FIELD = tail_id
RELATION_ID_FIELD = relation_id
ENTITY_ID_FIELD = entity_id
kg_reverse_r = False
entity_kg_num_interval = [0,inf)
relation_kg_num_interval = [0,inf)
benchmark_filename = None

Other Hyper Parameters: 
worker = 0
wandb_project = recbole
shuffle = True
require_pow = False
enable_amp = False
enable_scaler = False
transform = mask_itemseq
n_layers = 2
n_heads = 2
hidden_size = 64
inner_size = 256
hidden_dropout_prob = 0.2
attn_dropout_prob = 0.2
hidden_act = gelu
layer_norm_eps = 1e-12
initializer_range = 0.02
mask_ratio = 0.2
loss_type = CE
ft_ratio = 0.5
numerical_features = []
discretization = None
MODEL_TYPE = ModelType.SEQUENTIAL
max_seq_length = 50
embedding_size = 64
num_layers = 2
num_heads = 2
device = cuda
eval_neg_sample_args = None
MODEL_INPUT_TYPE = InputType.POINTWISE
eval_type = EvaluatorType.RANKING
single_spec = True
local_rank = 0
valid_neg_sample_args = {'distribution': 'uniform', 'sample_num': 'none'}
test_neg_sample_args = {'distribution': 'uniform', 'sample_num': 'none'}


Sat 31 Aug 2024 11:13:22 INFO  Prepare to download dataset [ml-1m] from [https://recbole.s3-accelerate.amazonaws.com/ProcessedDatasets/MovieLens/ml-1m.zip].
Sat 31 Aug 2024 11:13:40 INFO  ['D:\\Anaconda\\lib\\site-packages\\ipykernel_launcher.py', '-f', 'C:\\Users\\Hooman\\AppData\\Roaming\\jupyter\\runtime\\kernel-8b16ab1d-d690-445b-95e1-14ea9ec9ee26.json']
Sat 31 Aug 2024 11:13:40 INFO  
General Hyper Parameters:
gpu_id = 0
use_gpu = True
seed = 2020
state = INFO
reproducibility = True
data_path = D:\Anaconda\Lib\site-packages\recbole\config\../dataset_example/ml-100k
checkpoint_dir = saved
show_progress = True
save_dataset = False
dataset_save_path = None
save_dataloaders = False
dataloaders_save_path = None
log_wandb = False

Training Hyper Parameters:
epochs = 10
train_batch_size = 512
learner = adam
learning_rate = 0.001
train_neg_sample_args = {'distribution': 'none', 'sample_num': 'none', 'alpha': 'none', 'dynamic': False, 'candidate_num': 0}
eval_step = 1
stopping_step = 10
clip_grad_norm = None
weight_decay = 0.0
loss_decimal_place = 4

Evaluation Hyper Parameters:
eval_args = {'split': {'LS': 'valid_and_test'}, 'order': 'TO', 'group_by': 'user', 'mode': {'valid': 'full', 'test': 'full'}}
repeatable = True
metrics = ['Recall', 'MRR', 'NDCG', 'Hit', 'Precision']
topk = [10]
valid_metric = MRR@10
valid_metric_bigger = True
eval_batch_size = 512
metric_decimal_place = 4

Dataset Hyper Parameters:
field_separator = 	
seq_separator =  
USER_ID_FIELD = user_id
ITEM_ID_FIELD = item_id
RATING_FIELD = rating
TIME_FIELD = timestamp
seq_len = None
LABEL_FIELD = label
threshold = None
NEG_PREFIX = neg_
load_col = {'inter': ['user_id', 'item_id', 'rating', 'timestamp']}
unload_col = None
unused_col = None
additional_feat_suffix = None
rm_dup_inter = None
val_interval = None
filter_inter_by_user_or_item = True
user_inter_num_interval = None
item_inter_num_interval = None
alias_of_user_id = None
alias_of_item_id = None
alias_of_entity_id = None
alias_of_relation_id = None
preload_weight = None
normalize_field = None
normalize_all = True
ITEM_LIST_LENGTH_FIELD = item_length
LIST_SUFFIX = _list
MAX_ITEM_LIST_LENGTH = 50
POSITION_FIELD = position_id
HEAD_ENTITY_ID_FIELD = head_id
TAIL_ENTITY_ID_FIELD = tail_id
RELATION_ID_FIELD = relation_id
ENTITY_ID_FIELD = entity_id
kg_reverse_r = False
entity_kg_num_interval = None
relation_kg_num_interval = None
benchmark_filename = None

Other Hyper Parameters: 
worker = 0
wandb_project = recbole
shuffle = True
require_pow = False
enable_amp = False
enable_scaler = False
transform = mask_itemseq
n_layers = 2
n_heads = 2
hidden_size = 64
inner_size = 256
hidden_dropout_prob = 0.2
attn_dropout_prob = 0.2
hidden_act = gelu
layer_norm_eps = 1e-12
initializer_range = 0.02
mask_ratio = 0.2
loss_type = CE
ft_ratio = 0.5
numerical_features = []
discretization = None
MODEL_TYPE = ModelType.SEQUENTIAL
max_seq_length = 50
embedding_size = 64
num_layers = 2
num_heads = 2
device = cuda
eval_neg_sample_args = None
MODEL_INPUT_TYPE = InputType.POINTWISE
eval_type = EvaluatorType.RANKING
single_spec = True
local_rank = 0
valid_neg_sample_args = {'distribution': 'uniform', 'sample_num': 'none'}
test_neg_sample_args = {'distribution': 'uniform', 'sample_num': 'none'}


Sat 31 Aug 2024 11:13:41 INFO  ml-100k
The number of users: 944
Average actions of users: 106.04453870625663
The number of items: 1683
Average actions of items: 59.45303210463734
The number of inters: 100000
The sparsity of the dataset: 93.70575143257098%
Remain Fields: ['user_id', 'item_id', 'rating', 'timestamp']
Sat 31 Aug 2024 11:13:44 INFO  [Training]: train_batch_size = [512] train_neg_sample_args: [{'distribution': 'none', 'sample_num': 'none', 'alpha': 'none', 'dynamic': False, 'candidate_num': 0}]
Sat 31 Aug 2024 11:13:44 INFO  [Evaluation]: eval_batch_size = [512] eval_args: [{'split': {'LS': 'valid_and_test'}, 'order': 'TO', 'group_by': 'user', 'mode': {'valid': 'full', 'test': 'full'}}]
Sat 31 Aug 2024 11:13:44 INFO  BERT4Rec(
  (item_embedding): Embedding(1684, 64, padding_idx=0)
  (position_embedding): Embedding(50, 64)
  (trm_encoder): TransformerEncoder(
    (layer): ModuleList(
      (0-1): 2 x TransformerLayer(
        (multi_head_attention): MultiHeadAttention(
          (query): Linear(in_features=64, out_features=64, bias=True)
          (key): Linear(in_features=64, out_features=64, bias=True)
          (value): Linear(in_features=64, out_features=64, bias=True)
          (softmax): Softmax(dim=-1)
          (attn_dropout): Dropout(p=0.2, inplace=False)
          (dense): Linear(in_features=64, out_features=64, bias=True)
          (LayerNorm): LayerNorm((64,), eps=1e-12, elementwise_affine=True)
          (out_dropout): Dropout(p=0.2, inplace=False)
        )
        (feed_forward): FeedForward(
          (dense_1): Linear(in_features=64, out_features=256, bias=True)
          (dense_2): Linear(in_features=256, out_features=64, bias=True)
          (LayerNorm): LayerNorm((64,), eps=1e-12, elementwise_affine=True)
          (dropout): Dropout(p=0.2, inplace=False)
        )
      )
    )
  )
  (LayerNorm): LayerNorm((64,), eps=1e-12, elementwise_affine=True)
  (dropout): Dropout(p=0.2, inplace=False)
  (output_ffn): Linear(in_features=64, out_features=64, bias=True)
  (output_gelu): GELU(approximate='none')
  (output_ln): LayerNorm((64,), eps=1e-12, elementwise_affine=True)
)
Trainable parameters: 217043
Sat 31 Aug 2024 11:13:44 INFO  FLOPs: 5194664.0
Sat 31 Aug 2024 11:14:36 INFO  epoch 0 training [time: 52.29s, train loss: 1272.4785]
Sat 31 Aug 2024 11:14:36 INFO  epoch 0 evaluating [time: 0.18s, valid_score: 0.020200]
Sat 31 Aug 2024 11:14:36 INFO  valid result: 
recall@10 : 0.0668    mrr@10 : 0.0202    ndcg@10 : 0.0307    hit@10 : 0.0668    precision@10 : 0.0067
Sat 31 Aug 2024 11:14:36 INFO  Saving current: saved\BERT4Rec-Aug-31-2024_11-13-44.pth
Sat 31 Aug 2024 11:15:28 INFO  epoch 1 training [time: 51.75s, train loss: 1160.0233]
Sat 31 Aug 2024 11:15:28 INFO  epoch 1 evaluating [time: 0.17s, valid_score: 0.030400]
Sat 31 Aug 2024 11:15:28 INFO  valid result: 
recall@10 : 0.1018    mrr@10 : 0.0304    ndcg@10 : 0.0467    hit@10 : 0.1018    precision@10 : 0.0102
Sat 31 Aug 2024 11:15:28 INFO  Saving current: saved\BERT4Rec-Aug-31-2024_11-13-44.pth
Sat 31 Aug 2024 11:16:19 INFO  epoch 2 training [time: 51.21s, train loss: 1116.4679]
Sat 31 Aug 2024 11:16:20 INFO  epoch 2 evaluating [time: 0.20s, valid_score: 0.038200]
Sat 31 Aug 2024 11:16:20 INFO  valid result: 
recall@10 : 0.1103    mrr@10 : 0.0382    ndcg@10 : 0.0548    hit@10 : 0.1103    precision@10 : 0.011
Sat 31 Aug 2024 11:16:20 INFO  Saving current: saved\BERT4Rec-Aug-31-2024_11-13-44.pth
Sat 31 Aug 2024 11:17:11 INFO  epoch 3 training [time: 51.20s, train loss: 1098.9062]
Sat 31 Aug 2024 11:17:11 INFO  epoch 3 evaluating [time: 0.17s, valid_score: 0.037400]
Sat 31 Aug 2024 11:17:11 INFO  valid result: 
recall@10 : 0.1124    mrr@10 : 0.0374    ndcg@10 : 0.0547    hit@10 : 0.1124    precision@10 : 0.0112
Sat 31 Aug 2024 11:18:02 INFO  epoch 4 training [time: 51.25s, train loss: 1089.7010]
Sat 31 Aug 2024 11:18:02 INFO  epoch 4 evaluating [time: 0.18s, valid_score: 0.043200]
Sat 31 Aug 2024 11:18:02 INFO  valid result: 
recall@10 : 0.1166    mrr@10 : 0.0432    ndcg@10 : 0.0599    hit@10 : 0.1166    precision@10 : 0.0117
Sat 31 Aug 2024 11:18:02 INFO  Saving current: saved\BERT4Rec-Aug-31-2024_11-13-44.pth
Sat 31 Aug 2024 11:18:54 INFO  epoch 5 training [time: 51.75s, train loss: 1083.9787]
Sat 31 Aug 2024 11:18:54 INFO  epoch 5 evaluating [time: 0.18s, valid_score: 0.045600]
Sat 31 Aug 2024 11:18:54 INFO  valid result: 
recall@10 : 0.1379    mrr@10 : 0.0456    ndcg@10 : 0.0666    hit@10 : 0.1379    precision@10 : 0.0138
Sat 31 Aug 2024 11:18:54 INFO  Saving current: saved\BERT4Rec-Aug-31-2024_11-13-44.pth
Sat 31 Aug 2024 11:19:46 INFO  epoch 6 training [time: 52.00s, train loss: 1078.4645]
Sat 31 Aug 2024 11:19:47 INFO  epoch 6 evaluating [time: 0.17s, valid_score: 0.042900]
Sat 31 Aug 2024 11:19:47 INFO  valid result: 
recall@10 : 0.1262    mrr@10 : 0.0429    ndcg@10 : 0.062    hit@10 : 0.1262    precision@10 : 0.0126
Sat 31 Aug 2024 11:20:39 INFO  epoch 7 training [time: 52.23s, train loss: 1073.8941]
Sat 31 Aug 2024 11:20:39 INFO  epoch 7 evaluating [time: 0.18s, valid_score: 0.045800]
Sat 31 Aug 2024 11:20:39 INFO  valid result: 
recall@10 : 0.1336    mrr@10 : 0.0458    ndcg@10 : 0.0661    hit@10 : 0.1336    precision@10 : 0.0134
Sat 31 Aug 2024 11:20:39 INFO  Saving current: saved\BERT4Rec-Aug-31-2024_11-13-44.pth
Sat 31 Aug 2024 11:20:51 INFO  ['D:\\Anaconda\\lib\\site-packages\\ipykernel_launcher.py', '-f', 'C:\\Users\\Hooman\\AppData\\Roaming\\jupyter\\runtime\\kernel-8b16ab1d-d690-445b-95e1-14ea9ec9ee26.json']
Sat 31 Aug 2024 11:20:51 INFO  
General Hyper Parameters:
gpu_id = 0
use_gpu = True
seed = 2020
state = INFO
reproducibility = True
data_path = D:\Anaconda\Lib\site-packages\recbole\config\../dataset_example/ml-100k
checkpoint_dir = saved
show_progress = True
save_dataset = False
dataset_save_path = None
save_dataloaders = False
dataloaders_save_path = None
log_wandb = False

Training Hyper Parameters:
epochs = 1
train_batch_size = 512
learner = adam
learning_rate = 0.001
train_neg_sample_args = {'distribution': 'none', 'sample_num': 'none', 'alpha': 'none', 'dynamic': False, 'candidate_num': 0}
eval_step = 1
stopping_step = 10
clip_grad_norm = None
weight_decay = 0.0
loss_decimal_place = 4

Evaluation Hyper Parameters:
eval_args = {'split': {'LS': 'valid_and_test'}, 'order': 'TO', 'group_by': 'user', 'mode': {'valid': 'full', 'test': 'full'}}
repeatable = True
metrics = ['Recall', 'MRR', 'NDCG', 'Hit', 'Precision']
topk = [10]
valid_metric = MRR@10
valid_metric_bigger = True
eval_batch_size = 512
metric_decimal_place = 4

Dataset Hyper Parameters:
field_separator = 	
seq_separator =  
USER_ID_FIELD = user_id
ITEM_ID_FIELD = item_id
RATING_FIELD = rating
TIME_FIELD = timestamp
seq_len = None
LABEL_FIELD = label
threshold = None
NEG_PREFIX = neg_
load_col = {'inter': ['user_id', 'item_id', 'rating', 'timestamp']}
unload_col = None
unused_col = None
additional_feat_suffix = None
rm_dup_inter = None
val_interval = None
filter_inter_by_user_or_item = True
user_inter_num_interval = None
item_inter_num_interval = None
alias_of_user_id = None
alias_of_item_id = None
alias_of_entity_id = None
alias_of_relation_id = None
preload_weight = None
normalize_field = None
normalize_all = True
ITEM_LIST_LENGTH_FIELD = item_length
LIST_SUFFIX = _list
MAX_ITEM_LIST_LENGTH = 50
POSITION_FIELD = position_id
HEAD_ENTITY_ID_FIELD = head_id
TAIL_ENTITY_ID_FIELD = tail_id
RELATION_ID_FIELD = relation_id
ENTITY_ID_FIELD = entity_id
kg_reverse_r = False
entity_kg_num_interval = None
relation_kg_num_interval = None
benchmark_filename = None

Other Hyper Parameters: 
worker = 0
wandb_project = recbole
shuffle = True
require_pow = False
enable_amp = False
enable_scaler = False
transform = mask_itemseq
n_layers = 2
n_heads = 2
hidden_size = 64
inner_size = 256
hidden_dropout_prob = 0.2
attn_dropout_prob = 0.2
hidden_act = gelu
layer_norm_eps = 1e-12
initializer_range = 0.02
mask_ratio = 0.2
loss_type = CE
ft_ratio = 0.5
numerical_features = []
discretization = None
MODEL_TYPE = ModelType.SEQUENTIAL
max_seq_length = 50
embedding_size = 64
num_layers = 2
num_heads = 2
device = cuda
eval_neg_sample_args = None
MODEL_INPUT_TYPE = InputType.POINTWISE
eval_type = EvaluatorType.RANKING
single_spec = True
local_rank = 0
valid_neg_sample_args = {'distribution': 'uniform', 'sample_num': 'none'}
test_neg_sample_args = {'distribution': 'uniform', 'sample_num': 'none'}


Sat 31 Aug 2024 11:20:51 INFO  ml-100k
The number of users: 944
Average actions of users: 106.04453870625663
The number of items: 1683
Average actions of items: 59.45303210463734
The number of inters: 100000
The sparsity of the dataset: 93.70575143257098%
Remain Fields: ['user_id', 'item_id', 'rating', 'timestamp']
Sat 31 Aug 2024 11:20:54 INFO  [Training]: train_batch_size = [512] train_neg_sample_args: [{'distribution': 'none', 'sample_num': 'none', 'alpha': 'none', 'dynamic': False, 'candidate_num': 0}]
Sat 31 Aug 2024 11:20:54 INFO  [Evaluation]: eval_batch_size = [512] eval_args: [{'split': {'LS': 'valid_and_test'}, 'order': 'TO', 'group_by': 'user', 'mode': {'valid': 'full', 'test': 'full'}}]
Sat 31 Aug 2024 11:20:54 INFO  BERT4Rec(
  (item_embedding): Embedding(1684, 64, padding_idx=0)
  (position_embedding): Embedding(50, 64)
  (trm_encoder): TransformerEncoder(
    (layer): ModuleList(
      (0-1): 2 x TransformerLayer(
        (multi_head_attention): MultiHeadAttention(
          (query): Linear(in_features=64, out_features=64, bias=True)
          (key): Linear(in_features=64, out_features=64, bias=True)
          (value): Linear(in_features=64, out_features=64, bias=True)
          (softmax): Softmax(dim=-1)
          (attn_dropout): Dropout(p=0.2, inplace=False)
          (dense): Linear(in_features=64, out_features=64, bias=True)
          (LayerNorm): LayerNorm((64,), eps=1e-12, elementwise_affine=True)
          (out_dropout): Dropout(p=0.2, inplace=False)
        )
        (feed_forward): FeedForward(
          (dense_1): Linear(in_features=64, out_features=256, bias=True)
          (dense_2): Linear(in_features=256, out_features=64, bias=True)
          (LayerNorm): LayerNorm((64,), eps=1e-12, elementwise_affine=True)
          (dropout): Dropout(p=0.2, inplace=False)
        )
      )
    )
  )
  (LayerNorm): LayerNorm((64,), eps=1e-12, elementwise_affine=True)
  (dropout): Dropout(p=0.2, inplace=False)
  (output_ffn): Linear(in_features=64, out_features=64, bias=True)
  (output_gelu): GELU(approximate='none')
  (output_ln): LayerNorm((64,), eps=1e-12, elementwise_affine=True)
)
Trainable parameters: 217043
Sat 31 Aug 2024 11:20:54 INFO  FLOPs: 5194664.0
Sat 31 Aug 2024 11:21:46 INFO  epoch 0 training [time: 51.83s, train loss: 1272.4785]
Sat 31 Aug 2024 11:21:46 INFO  epoch 0 evaluating [time: 0.19s, valid_score: 0.020200]
Sat 31 Aug 2024 11:21:46 INFO  valid result: 
recall@10 : 0.0668    mrr@10 : 0.0202    ndcg@10 : 0.0307    hit@10 : 0.0668    precision@10 : 0.0067
Sat 31 Aug 2024 11:21:46 INFO  Saving current: saved\BERT4Rec-Aug-31-2024_11-20-54.pth
Sat 31 Aug 2024 11:21:47 INFO  Loading model structure and parameters from saved\BERT4Rec-Aug-31-2024_11-20-54.pth
Sat 31 Aug 2024 11:21:48 INFO  The running environment of this training is as follows:
+-------------+----------------+
| Environment |     Usage      |
+=============+================+
| CPU         |     3.50 %     |
+-------------+----------------+
| GPU         | 2.12 G/6.00 G  |
+-------------+----------------+
| Memory      | 1.46 G/15.41 G |
+-------------+----------------+
Sat 31 Aug 2024 11:21:48 INFO  best valid : OrderedDict([('recall@10', 0.0668), ('mrr@10', 0.0202), ('ndcg@10', 0.0307), ('hit@10', 0.0668), ('precision@10', 0.0067)])
Sat 31 Aug 2024 11:21:48 INFO  test result: OrderedDict([('recall@10', 0.052), ('mrr@10', 0.0171), ('ndcg@10', 0.0251), ('hit@10', 0.052), ('precision@10', 0.0052)])
Sat 31 Aug 2024 11:28:33 INFO  ['D:\\Anaconda\\lib\\site-packages\\ipykernel_launcher.py', '-f', 'C:\\Users\\Hooman\\AppData\\Roaming\\jupyter\\runtime\\kernel-8b16ab1d-d690-445b-95e1-14ea9ec9ee26.json']
Sat 31 Aug 2024 11:28:33 INFO  
General Hyper Parameters:
gpu_id = 0
use_gpu = True
seed = 2020
state = INFO
reproducibility = True
data_path = dataset/ml-1m
checkpoint_dir = saved
show_progress = True
save_dataset = False
dataset_save_path = None
save_dataloaders = False
dataloaders_save_path = None
log_wandb = False

Training Hyper Parameters:
epochs = 1
train_batch_size = 512
learner = adam
learning_rate = 0.001
train_neg_sample_args = {'distribution': 'none', 'sample_num': 'none', 'alpha': 'none', 'dynamic': False, 'candidate_num': 0}
eval_step = 1
stopping_step = 10
clip_grad_norm = None
weight_decay = 0.0
loss_decimal_place = 4

Evaluation Hyper Parameters:
eval_args = {'split': {'LS': 'valid_and_test'}, 'order': 'TO', 'group_by': 'user', 'mode': {'valid': 'full', 'test': 'full'}}
repeatable = True
metrics = ['Recall', 'MRR', 'NDCG', 'Hit', 'Precision']
topk = [10]
valid_metric = MRR@10
valid_metric_bigger = True
eval_batch_size = 512
metric_decimal_place = 4

Dataset Hyper Parameters:
field_separator = 	
seq_separator =  
USER_ID_FIELD = user_id
ITEM_ID_FIELD = item_id
RATING_FIELD = rating
TIME_FIELD = timestamp
seq_len = None
LABEL_FIELD = label
threshold = None
NEG_PREFIX = neg_
load_col = {'inter': ['user_id', 'item_id']}
unload_col = None
unused_col = None
additional_feat_suffix = None
rm_dup_inter = None
val_interval = None
filter_inter_by_user_or_item = True
user_inter_num_interval = [0,inf)
item_inter_num_interval = [0,inf)
alias_of_user_id = None
alias_of_item_id = None
alias_of_entity_id = None
alias_of_relation_id = None
preload_weight = None
normalize_field = None
normalize_all = None
ITEM_LIST_LENGTH_FIELD = item_length
LIST_SUFFIX = _list
MAX_ITEM_LIST_LENGTH = 50
POSITION_FIELD = position_id
HEAD_ENTITY_ID_FIELD = head_id
TAIL_ENTITY_ID_FIELD = tail_id
RELATION_ID_FIELD = relation_id
ENTITY_ID_FIELD = entity_id
kg_reverse_r = False
entity_kg_num_interval = [0,inf)
relation_kg_num_interval = [0,inf)
benchmark_filename = None

Other Hyper Parameters: 
worker = 0
wandb_project = recbole
shuffle = True
require_pow = False
enable_amp = False
enable_scaler = False
transform = mask_itemseq
n_layers = 2
n_heads = 2
hidden_size = 64
inner_size = 256
hidden_dropout_prob = 0.2
attn_dropout_prob = 0.2
hidden_act = gelu
layer_norm_eps = 1e-12
initializer_range = 0.02
mask_ratio = 0.2
loss_type = CE
ft_ratio = 0.5
numerical_features = []
discretization = None
MODEL_TYPE = ModelType.SEQUENTIAL
max_seq_length = 50
embedding_size = 64
num_layers = 2
num_heads = 2
device = cuda
eval_neg_sample_args = None
MODEL_INPUT_TYPE = InputType.POINTWISE
eval_type = EvaluatorType.RANKING
single_spec = True
local_rank = 0
valid_neg_sample_args = {'distribution': 'uniform', 'sample_num': 'none'}
test_neg_sample_args = {'distribution': 'uniform', 'sample_num': 'none'}


Sat 31 Aug 2024 11:28:33 INFO  Prepare to download dataset [ml-1m] from [https://recbole.s3-accelerate.amazonaws.com/ProcessedDatasets/MovieLens/ml-1m.zip].
Sat 31 Aug 2024 11:29:17 INFO  ['D:\\Anaconda\\lib\\site-packages\\ipykernel_launcher.py', '-f', 'C:\\Users\\Hooman\\AppData\\Roaming\\jupyter\\runtime\\kernel-8b16ab1d-d690-445b-95e1-14ea9ec9ee26.json']
Sat 31 Aug 2024 11:29:17 INFO  
General Hyper Parameters:
gpu_id = 0
use_gpu = True
seed = 2020
state = INFO
reproducibility = True
data_path = dataset/ml-1m
checkpoint_dir = saved
show_progress = True
save_dataset = False
dataset_save_path = None
save_dataloaders = False
dataloaders_save_path = None
log_wandb = False

Training Hyper Parameters:
epochs = 1
train_batch_size = 512
learner = adam
learning_rate = 0.001
train_neg_sample_args = {'distribution': 'none', 'sample_num': 'none', 'alpha': 'none', 'dynamic': False, 'candidate_num': 0}
eval_step = 1
stopping_step = 10
clip_grad_norm = None
weight_decay = 0.0
loss_decimal_place = 4

Evaluation Hyper Parameters:
eval_args = {'split': {'LS': 'valid_and_test'}, 'order': 'TO', 'group_by': 'user', 'mode': {'valid': 'full', 'test': 'full'}}
repeatable = True
metrics = ['Recall', 'MRR', 'NDCG', 'Hit', 'Precision']
topk = [10]
valid_metric = MRR@10
valid_metric_bigger = True
eval_batch_size = 512
metric_decimal_place = 4

Dataset Hyper Parameters:
field_separator = 	
seq_separator =  
USER_ID_FIELD = user_id
ITEM_ID_FIELD = item_id
RATING_FIELD = rating
TIME_FIELD = timestamp
seq_len = None
LABEL_FIELD = label
threshold = None
NEG_PREFIX = neg_
load_col = {'inter': ['user_id', 'item_id']}
unload_col = None
unused_col = None
additional_feat_suffix = None
rm_dup_inter = None
val_interval = None
filter_inter_by_user_or_item = True
user_inter_num_interval = [0,inf)
item_inter_num_interval = [0,inf)
alias_of_user_id = None
alias_of_item_id = None
alias_of_entity_id = None
alias_of_relation_id = None
preload_weight = None
normalize_field = None
normalize_all = None
ITEM_LIST_LENGTH_FIELD = item_length
LIST_SUFFIX = _list
MAX_ITEM_LIST_LENGTH = 50
POSITION_FIELD = position_id
HEAD_ENTITY_ID_FIELD = head_id
TAIL_ENTITY_ID_FIELD = tail_id
RELATION_ID_FIELD = relation_id
ENTITY_ID_FIELD = entity_id
kg_reverse_r = False
entity_kg_num_interval = [0,inf)
relation_kg_num_interval = [0,inf)
benchmark_filename = None

Other Hyper Parameters: 
worker = 0
wandb_project = recbole
shuffle = True
require_pow = False
enable_amp = False
enable_scaler = False
transform = mask_itemseq
n_layers = 2
n_heads = 2
hidden_size = 64
inner_size = 256
hidden_dropout_prob = 0.2
attn_dropout_prob = 0.2
hidden_act = gelu
layer_norm_eps = 1e-12
initializer_range = 0.02
mask_ratio = 0.2
loss_type = CE
ft_ratio = 0.5
numerical_features = []
discretization = None
MODEL_TYPE = ModelType.SEQUENTIAL
max_seq_length = 50
embedding_size = 64
num_layers = 2
num_heads = 2
device = cuda
eval_neg_sample_args = None
MODEL_INPUT_TYPE = InputType.POINTWISE
eval_type = EvaluatorType.RANKING
single_spec = True
local_rank = 0
valid_neg_sample_args = {'distribution': 'uniform', 'sample_num': 'none'}
test_neg_sample_args = {'distribution': 'uniform', 'sample_num': 'none'}


Sat 31 Aug 2024 11:29:18 INFO  Prepare to download dataset [ml-1m] from [https://recbole.s3-accelerate.amazonaws.com/ProcessedDatasets/MovieLens/ml-1m.zip].
Sat 31 Aug 2024 11:29:55 INFO  ['D:\\Anaconda\\lib\\site-packages\\ipykernel_launcher.py', '-f', 'C:\\Users\\Hooman\\AppData\\Roaming\\jupyter\\runtime\\kernel-8b16ab1d-d690-445b-95e1-14ea9ec9ee26.json']
Sat 31 Aug 2024 11:29:55 INFO  
General Hyper Parameters:
gpu_id = 0
use_gpu = True
seed = 2020
state = INFO
reproducibility = True
data_path = dataset/ml-1m
checkpoint_dir = saved
show_progress = True
save_dataset = False
dataset_save_path = None
save_dataloaders = False
dataloaders_save_path = None
log_wandb = False

Training Hyper Parameters:
epochs = 1
train_batch_size = 512
learner = adam
learning_rate = 0.001
train_neg_sample_args = {'distribution': 'none', 'sample_num': 'none', 'alpha': 'none', 'dynamic': False, 'candidate_num': 0}
eval_step = 1
stopping_step = 10
clip_grad_norm = None
weight_decay = 0.0
loss_decimal_place = 4

Evaluation Hyper Parameters:
eval_args = {'split': {'LS': 'valid_and_test'}, 'order': 'TO', 'group_by': 'user', 'mode': {'valid': 'full', 'test': 'full'}}
repeatable = True
metrics = ['Recall', 'MRR', 'NDCG', 'Hit', 'Precision']
topk = [10]
valid_metric = MRR@10
valid_metric_bigger = True
eval_batch_size = 512
metric_decimal_place = 4

Dataset Hyper Parameters:
field_separator = 	
seq_separator =  
USER_ID_FIELD = user_id
ITEM_ID_FIELD = item_id
RATING_FIELD = rating
TIME_FIELD = timestamp
seq_len = None
LABEL_FIELD = label
threshold = None
NEG_PREFIX = neg_
load_col = {'inter': ['user_id', 'item_id']}
unload_col = None
unused_col = None
additional_feat_suffix = None
rm_dup_inter = None
val_interval = None
filter_inter_by_user_or_item = True
user_inter_num_interval = [0,inf)
item_inter_num_interval = [0,inf)
alias_of_user_id = None
alias_of_item_id = None
alias_of_entity_id = None
alias_of_relation_id = None
preload_weight = None
normalize_field = None
normalize_all = None
ITEM_LIST_LENGTH_FIELD = item_length
LIST_SUFFIX = _list
MAX_ITEM_LIST_LENGTH = 50
POSITION_FIELD = position_id
HEAD_ENTITY_ID_FIELD = head_id
TAIL_ENTITY_ID_FIELD = tail_id
RELATION_ID_FIELD = relation_id
ENTITY_ID_FIELD = entity_id
kg_reverse_r = False
entity_kg_num_interval = [0,inf)
relation_kg_num_interval = [0,inf)
benchmark_filename = None

Other Hyper Parameters: 
worker = 0
wandb_project = recbole
shuffle = True
require_pow = False
enable_amp = False
enable_scaler = False
transform = mask_itemseq
n_layers = 2
n_heads = 2
hidden_size = 64
inner_size = 256
hidden_dropout_prob = 0.2
attn_dropout_prob = 0.2
hidden_act = gelu
layer_norm_eps = 1e-12
initializer_range = 0.02
mask_ratio = 0.2
loss_type = CE
ft_ratio = 0.5
numerical_features = []
discretization = None
MODEL_TYPE = ModelType.SEQUENTIAL
max_seq_length = 50
embedding_size = 64
num_layers = 2
num_heads = 2
device = cuda
eval_neg_sample_args = None
MODEL_INPUT_TYPE = InputType.POINTWISE
eval_type = EvaluatorType.RANKING
single_spec = True
local_rank = 0
valid_neg_sample_args = {'distribution': 'uniform', 'sample_num': 'none'}
test_neg_sample_args = {'distribution': 'uniform', 'sample_num': 'none'}


Sat 31 Aug 2024 11:29:55 INFO  Prepare to download dataset [ml-1m] from [https://recbole.s3-accelerate.amazonaws.com/ProcessedDatasets/MovieLens/ml-1m.zip].
Sat 31 Aug 2024 13:04:59 INFO  ['D:\\Anaconda\\lib\\site-packages\\ipykernel_launcher.py', '-f', 'C:\\Users\\Hooman\\AppData\\Roaming\\jupyter\\runtime\\kernel-8b16ab1d-d690-445b-95e1-14ea9ec9ee26.json']
Sat 31 Aug 2024 13:04:59 INFO  
General Hyper Parameters:
gpu_id = 0
use_gpu = True
seed = 2020
state = INFO
reproducibility = True
data_path = dataset/ml-1m
checkpoint_dir = saved
show_progress = True
save_dataset = False
dataset_save_path = None
save_dataloaders = False
dataloaders_save_path = None
log_wandb = False

Training Hyper Parameters:
epochs = 1
train_batch_size = 512
learner = adam
learning_rate = 0.001
train_neg_sample_args = {'distribution': 'none', 'sample_num': 'none', 'alpha': 'none', 'dynamic': False, 'candidate_num': 0}
eval_step = 1
stopping_step = 10
clip_grad_norm = None
weight_decay = 0.0
loss_decimal_place = 4

Evaluation Hyper Parameters:
eval_args = {'split': {'LS': 'valid_and_test'}, 'order': 'TO', 'group_by': 'user', 'mode': {'valid': 'full', 'test': 'full'}}
repeatable = True
metrics = ['Recall', 'MRR', 'NDCG', 'Hit', 'Precision']
topk = [10]
valid_metric = MRR@10
valid_metric_bigger = True
eval_batch_size = 512
metric_decimal_place = 4

Dataset Hyper Parameters:
field_separator = 	
seq_separator =  
USER_ID_FIELD = user_id
ITEM_ID_FIELD = item_id
RATING_FIELD = rating
TIME_FIELD = timestamp
seq_len = None
LABEL_FIELD = label
threshold = None
NEG_PREFIX = neg_
load_col = {'inter': ['user_id', 'item_id']}
unload_col = None
unused_col = None
additional_feat_suffix = None
rm_dup_inter = None
val_interval = None
filter_inter_by_user_or_item = True
user_inter_num_interval = [0,inf)
item_inter_num_interval = [0,inf)
alias_of_user_id = None
alias_of_item_id = None
alias_of_entity_id = None
alias_of_relation_id = None
preload_weight = None
normalize_field = None
normalize_all = None
ITEM_LIST_LENGTH_FIELD = item_length
LIST_SUFFIX = _list
MAX_ITEM_LIST_LENGTH = 50
POSITION_FIELD = position_id
HEAD_ENTITY_ID_FIELD = head_id
TAIL_ENTITY_ID_FIELD = tail_id
RELATION_ID_FIELD = relation_id
ENTITY_ID_FIELD = entity_id
kg_reverse_r = False
entity_kg_num_interval = [0,inf)
relation_kg_num_interval = [0,inf)
benchmark_filename = None

Other Hyper Parameters: 
worker = 0
wandb_project = recbole
shuffle = True
require_pow = False
enable_amp = False
enable_scaler = False
transform = mask_itemseq
n_layers = 2
n_heads = 2
hidden_size = 64
inner_size = 256
hidden_dropout_prob = 0.2
attn_dropout_prob = 0.2
hidden_act = gelu
layer_norm_eps = 1e-12
initializer_range = 0.02
mask_ratio = 0.2
loss_type = CE
ft_ratio = 0.5
numerical_features = []
discretization = None
MODEL_TYPE = ModelType.SEQUENTIAL
max_seq_length = 50
embedding_size = 64
num_layers = 2
num_heads = 2
device = cuda
eval_neg_sample_args = None
MODEL_INPUT_TYPE = InputType.POINTWISE
eval_type = EvaluatorType.RANKING
single_spec = True
local_rank = 0
valid_neg_sample_args = {'distribution': 'uniform', 'sample_num': 'none'}
test_neg_sample_args = {'distribution': 'uniform', 'sample_num': 'none'}


Sat 31 Aug 2024 13:05:00 INFO  Prepare to download dataset [ml-1m] from [https://recbole.s3-accelerate.amazonaws.com/ProcessedDatasets/MovieLens/ml-1m.zip].
Sat 31 Aug 2024 13:05:09 INFO  ['D:\\Anaconda\\lib\\site-packages\\ipykernel_launcher.py', '-f', 'C:\\Users\\Hooman\\AppData\\Roaming\\jupyter\\runtime\\kernel-8b16ab1d-d690-445b-95e1-14ea9ec9ee26.json']
Sat 31 Aug 2024 13:05:09 INFO  
General Hyper Parameters:
gpu_id = 0
use_gpu = True
seed = 2020
state = INFO
reproducibility = True
data_path = dataset/ml-1m
checkpoint_dir = saved
show_progress = True
save_dataset = False
dataset_save_path = None
save_dataloaders = False
dataloaders_save_path = None
log_wandb = False

Training Hyper Parameters:
epochs = 1
train_batch_size = 512
learner = adam
learning_rate = 0.001
train_neg_sample_args = {'distribution': 'none', 'sample_num': 'none', 'alpha': 'none', 'dynamic': False, 'candidate_num': 0}
eval_step = 1
stopping_step = 10
clip_grad_norm = None
weight_decay = 0.0
loss_decimal_place = 4

Evaluation Hyper Parameters:
eval_args = {'split': {'LS': 'valid_and_test'}, 'order': 'TO', 'group_by': 'user', 'mode': {'valid': 'full', 'test': 'full'}}
repeatable = True
metrics = ['Recall', 'MRR', 'NDCG', 'Hit', 'Precision']
topk = [10]
valid_metric = MRR@10
valid_metric_bigger = True
eval_batch_size = 512
metric_decimal_place = 4

Dataset Hyper Parameters:
field_separator = 	
seq_separator =  
USER_ID_FIELD = user_id
ITEM_ID_FIELD = item_id
RATING_FIELD = rating
TIME_FIELD = timestamp
seq_len = None
LABEL_FIELD = label
threshold = None
NEG_PREFIX = neg_
load_col = {'inter': ['user_id', 'item_id']}
unload_col = None
unused_col = None
additional_feat_suffix = None
rm_dup_inter = None
val_interval = None
filter_inter_by_user_or_item = True
user_inter_num_interval = [0,inf)
item_inter_num_interval = [0,inf)
alias_of_user_id = None
alias_of_item_id = None
alias_of_entity_id = None
alias_of_relation_id = None
preload_weight = None
normalize_field = None
normalize_all = None
ITEM_LIST_LENGTH_FIELD = item_length
LIST_SUFFIX = _list
MAX_ITEM_LIST_LENGTH = 50
POSITION_FIELD = position_id
HEAD_ENTITY_ID_FIELD = head_id
TAIL_ENTITY_ID_FIELD = tail_id
RELATION_ID_FIELD = relation_id
ENTITY_ID_FIELD = entity_id
kg_reverse_r = False
entity_kg_num_interval = [0,inf)
relation_kg_num_interval = [0,inf)
benchmark_filename = None

Other Hyper Parameters: 
worker = 0
wandb_project = recbole
shuffle = True
require_pow = False
enable_amp = False
enable_scaler = False
transform = mask_itemseq
n_layers = 2
n_heads = 2
hidden_size = 64
inner_size = 256
hidden_dropout_prob = 0.2
attn_dropout_prob = 0.2
hidden_act = gelu
layer_norm_eps = 1e-12
initializer_range = 0.02
mask_ratio = 0.2
loss_type = CE
ft_ratio = 0.5
numerical_features = []
discretization = None
MODEL_TYPE = ModelType.SEQUENTIAL
max_seq_length = 50
embedding_size = 64
num_layers = 2
num_heads = 2
device = cuda
eval_neg_sample_args = None
MODEL_INPUT_TYPE = InputType.POINTWISE
eval_type = EvaluatorType.RANKING
single_spec = True
local_rank = 0
valid_neg_sample_args = {'distribution': 'uniform', 'sample_num': 'none'}
test_neg_sample_args = {'distribution': 'uniform', 'sample_num': 'none'}


Sat 31 Aug 2024 13:05:10 INFO  Prepare to download dataset [ml-1m] from [https://recbole.s3-accelerate.amazonaws.com/ProcessedDatasets/MovieLens/ml-1m.zip].
Sat 31 Aug 2024 13:05:34 INFO  ['D:\\Anaconda\\lib\\site-packages\\ipykernel_launcher.py', '-f', 'C:\\Users\\Hooman\\AppData\\Roaming\\jupyter\\runtime\\kernel-8b16ab1d-d690-445b-95e1-14ea9ec9ee26.json']
Sat 31 Aug 2024 13:05:34 INFO  
General Hyper Parameters:
gpu_id = 0
use_gpu = True
seed = 2020
state = INFO
reproducibility = True
data_path = D:\Anaconda\Lib\site-packages\recbole\config\../dataset_example/ml-100k
checkpoint_dir = saved
show_progress = True
save_dataset = False
dataset_save_path = None
save_dataloaders = False
dataloaders_save_path = None
log_wandb = False

Training Hyper Parameters:
epochs = 1
train_batch_size = 512
learner = adam
learning_rate = 0.001
train_neg_sample_args = {'distribution': 'none', 'sample_num': 'none', 'alpha': 'none', 'dynamic': False, 'candidate_num': 0}
eval_step = 1
stopping_step = 10
clip_grad_norm = None
weight_decay = 0.0
loss_decimal_place = 4

Evaluation Hyper Parameters:
eval_args = {'split': {'LS': 'valid_and_test'}, 'order': 'TO', 'group_by': 'user', 'mode': {'valid': 'full', 'test': 'full'}}
repeatable = True
metrics = ['Recall', 'MRR', 'NDCG', 'Hit', 'Precision']
topk = [10]
valid_metric = MRR@10
valid_metric_bigger = True
eval_batch_size = 512
metric_decimal_place = 4

Dataset Hyper Parameters:
field_separator = 	
seq_separator =  
USER_ID_FIELD = user_id
ITEM_ID_FIELD = item_id
RATING_FIELD = rating
TIME_FIELD = timestamp
seq_len = None
LABEL_FIELD = label
threshold = None
NEG_PREFIX = neg_
load_col = {'inter': ['user_id', 'item_id', 'rating', 'timestamp']}
unload_col = None
unused_col = None
additional_feat_suffix = None
rm_dup_inter = None
val_interval = None
filter_inter_by_user_or_item = True
user_inter_num_interval = None
item_inter_num_interval = None
alias_of_user_id = None
alias_of_item_id = None
alias_of_entity_id = None
alias_of_relation_id = None
preload_weight = None
normalize_field = None
normalize_all = True
ITEM_LIST_LENGTH_FIELD = item_length
LIST_SUFFIX = _list
MAX_ITEM_LIST_LENGTH = 50
POSITION_FIELD = position_id
HEAD_ENTITY_ID_FIELD = head_id
TAIL_ENTITY_ID_FIELD = tail_id
RELATION_ID_FIELD = relation_id
ENTITY_ID_FIELD = entity_id
kg_reverse_r = False
entity_kg_num_interval = None
relation_kg_num_interval = None
benchmark_filename = None

Other Hyper Parameters: 
worker = 0
wandb_project = recbole
shuffle = True
require_pow = False
enable_amp = False
enable_scaler = False
transform = mask_itemseq
n_layers = 2
n_heads = 2
hidden_size = 64
inner_size = 256
hidden_dropout_prob = 0.2
attn_dropout_prob = 0.2
hidden_act = gelu
layer_norm_eps = 1e-12
initializer_range = 0.02
mask_ratio = 0.2
loss_type = CE
ft_ratio = 0.5
numerical_features = []
discretization = None
MODEL_TYPE = ModelType.SEQUENTIAL
max_seq_length = 50
embedding_size = 64
num_layers = 2
num_heads = 2
device = cuda
eval_neg_sample_args = None
MODEL_INPUT_TYPE = InputType.POINTWISE
eval_type = EvaluatorType.RANKING
single_spec = True
local_rank = 0
valid_neg_sample_args = {'distribution': 'uniform', 'sample_num': 'none'}
test_neg_sample_args = {'distribution': 'uniform', 'sample_num': 'none'}


Sat 31 Aug 2024 13:05:35 INFO  ml-100k
The number of users: 944
Average actions of users: 106.04453870625663
The number of items: 1683
Average actions of items: 59.45303210463734
The number of inters: 100000
The sparsity of the dataset: 93.70575143257098%
Remain Fields: ['user_id', 'item_id', 'rating', 'timestamp']
Sat 31 Aug 2024 13:05:38 INFO  [Training]: train_batch_size = [512] train_neg_sample_args: [{'distribution': 'none', 'sample_num': 'none', 'alpha': 'none', 'dynamic': False, 'candidate_num': 0}]
Sat 31 Aug 2024 13:05:38 INFO  [Evaluation]: eval_batch_size = [512] eval_args: [{'split': {'LS': 'valid_and_test'}, 'order': 'TO', 'group_by': 'user', 'mode': {'valid': 'full', 'test': 'full'}}]
Sat 31 Aug 2024 13:05:38 INFO  BERT4Rec(
  (item_embedding): Embedding(1684, 64, padding_idx=0)
  (position_embedding): Embedding(50, 64)
  (trm_encoder): TransformerEncoder(
    (layer): ModuleList(
      (0-1): 2 x TransformerLayer(
        (multi_head_attention): MultiHeadAttention(
          (query): Linear(in_features=64, out_features=64, bias=True)
          (key): Linear(in_features=64, out_features=64, bias=True)
          (value): Linear(in_features=64, out_features=64, bias=True)
          (softmax): Softmax(dim=-1)
          (attn_dropout): Dropout(p=0.2, inplace=False)
          (dense): Linear(in_features=64, out_features=64, bias=True)
          (LayerNorm): LayerNorm((64,), eps=1e-12, elementwise_affine=True)
          (out_dropout): Dropout(p=0.2, inplace=False)
        )
        (feed_forward): FeedForward(
          (dense_1): Linear(in_features=64, out_features=256, bias=True)
          (dense_2): Linear(in_features=256, out_features=64, bias=True)
          (LayerNorm): LayerNorm((64,), eps=1e-12, elementwise_affine=True)
          (dropout): Dropout(p=0.2, inplace=False)
        )
      )
    )
  )
  (LayerNorm): LayerNorm((64,), eps=1e-12, elementwise_affine=True)
  (dropout): Dropout(p=0.2, inplace=False)
  (output_ffn): Linear(in_features=64, out_features=64, bias=True)
  (output_gelu): GELU(approximate='none')
  (output_ln): LayerNorm((64,), eps=1e-12, elementwise_affine=True)
)
Trainable parameters: 217043
Sat 31 Aug 2024 13:05:38 INFO  FLOPs: 5194664.0
Sat 31 Aug 2024 13:10:03 INFO  ['D:\\Anaconda\\lib\\site-packages\\ipykernel_launcher.py', '-f', 'C:\\Users\\Hooman\\AppData\\Roaming\\jupyter\\runtime\\kernel-8b16ab1d-d690-445b-95e1-14ea9ec9ee26.json']
Sat 31 Aug 2024 13:10:03 INFO  
General Hyper Parameters:
gpu_id = 0
use_gpu = True
seed = 2020
state = INFO
reproducibility = True
data_path = dataset/ml-20m
checkpoint_dir = saved
show_progress = True
save_dataset = False
dataset_save_path = None
save_dataloaders = False
dataloaders_save_path = None
log_wandb = False

Training Hyper Parameters:
epochs = 1
train_batch_size = 512
learner = adam
learning_rate = 0.001
train_neg_sample_args = {'distribution': 'none', 'sample_num': 'none', 'alpha': 'none', 'dynamic': False, 'candidate_num': 0}
eval_step = 1
stopping_step = 10
clip_grad_norm = None
weight_decay = 0.0
loss_decimal_place = 4

Evaluation Hyper Parameters:
eval_args = {'split': {'LS': 'valid_and_test'}, 'order': 'TO', 'group_by': 'user', 'mode': {'valid': 'full', 'test': 'full'}}
repeatable = True
metrics = ['Recall', 'MRR', 'NDCG', 'Hit', 'Precision']
topk = [10]
valid_metric = MRR@10
valid_metric_bigger = True
eval_batch_size = 512
metric_decimal_place = 4

Dataset Hyper Parameters:
field_separator = 	
seq_separator =  
USER_ID_FIELD = user_id
ITEM_ID_FIELD = item_id
RATING_FIELD = rating
TIME_FIELD = timestamp
seq_len = None
LABEL_FIELD = label
threshold = None
NEG_PREFIX = neg_
load_col = {'inter': ['user_id', 'item_id']}
unload_col = None
unused_col = None
additional_feat_suffix = None
rm_dup_inter = None
val_interval = None
filter_inter_by_user_or_item = True
user_inter_num_interval = [0,inf)
item_inter_num_interval = [0,inf)
alias_of_user_id = None
alias_of_item_id = None
alias_of_entity_id = None
alias_of_relation_id = None
preload_weight = None
normalize_field = None
normalize_all = None
ITEM_LIST_LENGTH_FIELD = item_length
LIST_SUFFIX = _list
MAX_ITEM_LIST_LENGTH = 50
POSITION_FIELD = position_id
HEAD_ENTITY_ID_FIELD = head_id
TAIL_ENTITY_ID_FIELD = tail_id
RELATION_ID_FIELD = relation_id
ENTITY_ID_FIELD = entity_id
kg_reverse_r = False
entity_kg_num_interval = [0,inf)
relation_kg_num_interval = [0,inf)
benchmark_filename = None

Other Hyper Parameters: 
worker = 0
wandb_project = recbole
shuffle = True
require_pow = False
enable_amp = False
enable_scaler = False
transform = mask_itemseq
n_layers = 2
n_heads = 2
hidden_size = 64
inner_size = 256
hidden_dropout_prob = 0.2
attn_dropout_prob = 0.2
hidden_act = gelu
layer_norm_eps = 1e-12
initializer_range = 0.02
mask_ratio = 0.2
loss_type = CE
ft_ratio = 0.5
numerical_features = []
discretization = None
MODEL_TYPE = ModelType.SEQUENTIAL
max_seq_length = 50
embedding_size = 64
num_layers = 2
num_heads = 2
device = cuda
eval_neg_sample_args = None
MODEL_INPUT_TYPE = InputType.POINTWISE
eval_type = EvaluatorType.RANKING
single_spec = True
local_rank = 0
valid_neg_sample_args = {'distribution': 'uniform', 'sample_num': 'none'}
test_neg_sample_args = {'distribution': 'uniform', 'sample_num': 'none'}


Sat 31 Aug 2024 13:10:03 INFO  Prepare to download dataset [ml-20m] from [https://recbole.s3-accelerate.amazonaws.com/ProcessedDatasets/MovieLens/ml-20m.zip].
Sat 31 Aug 2024 13:10:04 INFO  Downloading https://recbole.s3-accelerate.amazonaws.com/ProcessedDatasets/MovieLens/ml-20m.zip
Sat 31 Aug 2024 13:10:14 INFO  ['D:\\Anaconda\\lib\\site-packages\\ipykernel_launcher.py', '-f', 'C:\\Users\\Hooman\\AppData\\Roaming\\jupyter\\runtime\\kernel-8b16ab1d-d690-445b-95e1-14ea9ec9ee26.json']
Sat 31 Aug 2024 13:10:14 INFO  
General Hyper Parameters:
gpu_id = 0
use_gpu = True
seed = 2020
state = INFO
reproducibility = True
data_path = dataset/ml-1m
checkpoint_dir = saved
show_progress = True
save_dataset = False
dataset_save_path = None
save_dataloaders = False
dataloaders_save_path = None
log_wandb = False

Training Hyper Parameters:
epochs = 1
train_batch_size = 512
learner = adam
learning_rate = 0.001
train_neg_sample_args = {'distribution': 'none', 'sample_num': 'none', 'alpha': 'none', 'dynamic': False, 'candidate_num': 0}
eval_step = 1
stopping_step = 10
clip_grad_norm = None
weight_decay = 0.0
loss_decimal_place = 4

Evaluation Hyper Parameters:
eval_args = {'split': {'LS': 'valid_and_test'}, 'order': 'TO', 'group_by': 'user', 'mode': {'valid': 'full', 'test': 'full'}}
repeatable = True
metrics = ['Recall', 'MRR', 'NDCG', 'Hit', 'Precision']
topk = [10]
valid_metric = MRR@10
valid_metric_bigger = True
eval_batch_size = 512
metric_decimal_place = 4

Dataset Hyper Parameters:
field_separator = 	
seq_separator =  
USER_ID_FIELD = user_id
ITEM_ID_FIELD = item_id
RATING_FIELD = rating
TIME_FIELD = timestamp
seq_len = None
LABEL_FIELD = label
threshold = None
NEG_PREFIX = neg_
load_col = {'inter': ['user_id', 'item_id']}
unload_col = None
unused_col = None
additional_feat_suffix = None
rm_dup_inter = None
val_interval = None
filter_inter_by_user_or_item = True
user_inter_num_interval = [0,inf)
item_inter_num_interval = [0,inf)
alias_of_user_id = None
alias_of_item_id = None
alias_of_entity_id = None
alias_of_relation_id = None
preload_weight = None
normalize_field = None
normalize_all = None
ITEM_LIST_LENGTH_FIELD = item_length
LIST_SUFFIX = _list
MAX_ITEM_LIST_LENGTH = 50
POSITION_FIELD = position_id
HEAD_ENTITY_ID_FIELD = head_id
TAIL_ENTITY_ID_FIELD = tail_id
RELATION_ID_FIELD = relation_id
ENTITY_ID_FIELD = entity_id
kg_reverse_r = False
entity_kg_num_interval = [0,inf)
relation_kg_num_interval = [0,inf)
benchmark_filename = None

Other Hyper Parameters: 
worker = 0
wandb_project = recbole
shuffle = True
require_pow = False
enable_amp = False
enable_scaler = False
transform = mask_itemseq
n_layers = 2
n_heads = 2
hidden_size = 64
inner_size = 256
hidden_dropout_prob = 0.2
attn_dropout_prob = 0.2
hidden_act = gelu
layer_norm_eps = 1e-12
initializer_range = 0.02
mask_ratio = 0.2
loss_type = CE
ft_ratio = 0.5
numerical_features = []
discretization = None
MODEL_TYPE = ModelType.SEQUENTIAL
max_seq_length = 50
embedding_size = 64
num_layers = 2
num_heads = 2
device = cuda
eval_neg_sample_args = None
MODEL_INPUT_TYPE = InputType.POINTWISE
eval_type = EvaluatorType.RANKING
single_spec = True
local_rank = 0
valid_neg_sample_args = {'distribution': 'uniform', 'sample_num': 'none'}
test_neg_sample_args = {'distribution': 'uniform', 'sample_num': 'none'}


Sat 31 Aug 2024 13:10:14 INFO  Prepare to download dataset [ml-1m] from [https://recbole.s3-accelerate.amazonaws.com/ProcessedDatasets/MovieLens/ml-1m.zip].
Sat 31 Aug 2024 13:10:15 INFO  Downloading https://recbole.s3-accelerate.amazonaws.com/ProcessedDatasets/MovieLens/ml-1m.zip
Sat 31 Aug 2024 13:10:23 INFO  Extracting dataset/ml-1m\ml-1m.zip
Sat 31 Aug 2024 13:10:23 INFO  Downloading done.
Sat 31 Aug 2024 13:10:38 INFO  ['D:\\Anaconda\\lib\\site-packages\\ipykernel_launcher.py', '-f', 'C:\\Users\\Hooman\\AppData\\Roaming\\jupyter\\runtime\\kernel-8b16ab1d-d690-445b-95e1-14ea9ec9ee26.json']
Sat 31 Aug 2024 13:10:38 INFO  
General Hyper Parameters:
gpu_id = 0
use_gpu = True
seed = 2020
state = INFO
reproducibility = True
data_path = dataset/ml-1m
checkpoint_dir = saved
show_progress = True
save_dataset = False
dataset_save_path = None
save_dataloaders = False
dataloaders_save_path = None
log_wandb = False

Training Hyper Parameters:
epochs = 1
train_batch_size = 512
learner = adam
learning_rate = 0.001
train_neg_sample_args = {'distribution': 'none', 'sample_num': 'none', 'alpha': 'none', 'dynamic': False, 'candidate_num': 0}
eval_step = 1
stopping_step = 10
clip_grad_norm = None
weight_decay = 0.0
loss_decimal_place = 4

Evaluation Hyper Parameters:
eval_args = {'split': {'LS': 'valid_and_test'}, 'order': 'TO', 'group_by': 'user', 'mode': {'valid': 'full', 'test': 'full'}}
repeatable = True
metrics = ['Recall', 'MRR', 'NDCG', 'Hit', 'Precision']
topk = [10]
valid_metric = MRR@10
valid_metric_bigger = True
eval_batch_size = 512
metric_decimal_place = 4

Dataset Hyper Parameters:
field_separator = 	
seq_separator =  
USER_ID_FIELD = user_id
ITEM_ID_FIELD = item_id
RATING_FIELD = rating
TIME_FIELD = timestamp
seq_len = None
LABEL_FIELD = label
threshold = None
NEG_PREFIX = neg_
load_col = {'inter': ['user_id', 'item_id']}
unload_col = None
unused_col = None
additional_feat_suffix = None
rm_dup_inter = None
val_interval = None
filter_inter_by_user_or_item = True
user_inter_num_interval = [0,inf)
item_inter_num_interval = [0,inf)
alias_of_user_id = None
alias_of_item_id = None
alias_of_entity_id = None
alias_of_relation_id = None
preload_weight = None
normalize_field = None
normalize_all = None
ITEM_LIST_LENGTH_FIELD = item_length
LIST_SUFFIX = _list
MAX_ITEM_LIST_LENGTH = 50
POSITION_FIELD = position_id
HEAD_ENTITY_ID_FIELD = head_id
TAIL_ENTITY_ID_FIELD = tail_id
RELATION_ID_FIELD = relation_id
ENTITY_ID_FIELD = entity_id
kg_reverse_r = False
entity_kg_num_interval = [0,inf)
relation_kg_num_interval = [0,inf)
benchmark_filename = None

Other Hyper Parameters: 
worker = 0
wandb_project = recbole
shuffle = True
require_pow = False
enable_amp = False
enable_scaler = False
transform = mask_itemseq
n_layers = 2
n_heads = 2
hidden_size = 64
inner_size = 256
hidden_dropout_prob = 0.2
attn_dropout_prob = 0.2
hidden_act = gelu
layer_norm_eps = 1e-12
initializer_range = 0.02
mask_ratio = 0.2
loss_type = CE
ft_ratio = 0.5
numerical_features = []
discretization = None
MODEL_TYPE = ModelType.SEQUENTIAL
max_seq_length = 50
embedding_size = 64
num_layers = 2
num_heads = 2
device = cuda
eval_neg_sample_args = None
MODEL_INPUT_TYPE = InputType.POINTWISE
eval_type = EvaluatorType.RANKING
single_spec = True
local_rank = 0
valid_neg_sample_args = {'distribution': 'uniform', 'sample_num': 'none'}
test_neg_sample_args = {'distribution': 'uniform', 'sample_num': 'none'}


Sat 31 Aug 2024 13:10:40 INFO  ml-1m
The number of users: 6041
Average actions of users: 165.5975165562914
The number of items: 3707
Average actions of items: 269.88909875876953
The number of inters: 1000209
The sparsity of the dataset: 95.53358229599758%
Remain Fields: ['user_id', 'item_id']
Sat 31 Aug 2024 13:10:55 INFO  ['D:\\Anaconda\\lib\\site-packages\\ipykernel_launcher.py', '-f', 'C:\\Users\\Hooman\\AppData\\Roaming\\jupyter\\runtime\\kernel-8b16ab1d-d690-445b-95e1-14ea9ec9ee26.json']
Sat 31 Aug 2024 13:10:55 INFO  
General Hyper Parameters:
gpu_id = 0
use_gpu = True
seed = 2020
state = INFO
reproducibility = True
data_path = dataset/ml-1m
checkpoint_dir = saved
show_progress = True
save_dataset = False
dataset_save_path = None
save_dataloaders = False
dataloaders_save_path = None
log_wandb = False

Training Hyper Parameters:
epochs = 1
train_batch_size = 512
learner = adam
learning_rate = 0.001
train_neg_sample_args = {'distribution': 'none', 'sample_num': 'none', 'alpha': 'none', 'dynamic': False, 'candidate_num': 0}
eval_step = 1
stopping_step = 10
clip_grad_norm = None
weight_decay = 0.0
loss_decimal_place = 4

Evaluation Hyper Parameters:
eval_args = {'split': {'LS': 'valid_and_test'}, 'order': 'TO', 'group_by': 'user', 'mode': {'valid': 'full', 'test': 'full'}}
repeatable = True
metrics = ['Recall', 'MRR', 'NDCG', 'Hit', 'Precision']
topk = [10]
valid_metric = MRR@10
valid_metric_bigger = True
eval_batch_size = 512
metric_decimal_place = 4

Dataset Hyper Parameters:
field_separator = 	
seq_separator =  
USER_ID_FIELD = user_id
ITEM_ID_FIELD = item_id
RATING_FIELD = rating
TIME_FIELD = timestamp
seq_len = None
LABEL_FIELD = label
threshold = None
NEG_PREFIX = neg_
load_col = {'inter': ['user_id', 'item_id']}
unload_col = None
unused_col = None
additional_feat_suffix = None
rm_dup_inter = None
val_interval = None
filter_inter_by_user_or_item = True
user_inter_num_interval = [0,inf)
item_inter_num_interval = [0,inf)
alias_of_user_id = None
alias_of_item_id = None
alias_of_entity_id = None
alias_of_relation_id = None
preload_weight = None
normalize_field = None
normalize_all = None
ITEM_LIST_LENGTH_FIELD = item_length
LIST_SUFFIX = _list
MAX_ITEM_LIST_LENGTH = 50
POSITION_FIELD = position_id
HEAD_ENTITY_ID_FIELD = head_id
TAIL_ENTITY_ID_FIELD = tail_id
RELATION_ID_FIELD = relation_id
ENTITY_ID_FIELD = entity_id
kg_reverse_r = False
entity_kg_num_interval = [0,inf)
relation_kg_num_interval = [0,inf)
benchmark_filename = None

Other Hyper Parameters: 
worker = 0
wandb_project = recbole
shuffle = True
require_pow = False
enable_amp = False
enable_scaler = False
transform = mask_itemseq
n_layers = 2
n_heads = 2
hidden_size = 64
inner_size = 256
hidden_dropout_prob = 0.2
attn_dropout_prob = 0.2
hidden_act = gelu
layer_norm_eps = 1e-12
initializer_range = 0.02
mask_ratio = 0.2
loss_type = CE
ft_ratio = 0.5
numerical_features = []
discretization = None
MODEL_TYPE = ModelType.SEQUENTIAL
max_seq_length = 50
embedding_size = 64
num_layers = 2
num_heads = 2
device = cuda
eval_neg_sample_args = None
MODEL_INPUT_TYPE = InputType.POINTWISE
eval_type = EvaluatorType.RANKING
single_spec = True
local_rank = 0
valid_neg_sample_args = {'distribution': 'uniform', 'sample_num': 'none'}
test_neg_sample_args = {'distribution': 'uniform', 'sample_num': 'none'}


Sat 31 Aug 2024 13:10:57 INFO  ml-1m
The number of users: 6041
Average actions of users: 165.5975165562914
The number of items: 3707
Average actions of items: 269.88909875876953
The number of inters: 1000209
The sparsity of the dataset: 95.53358229599758%
Remain Fields: ['user_id', 'item_id']
Sat 31 Aug 2024 13:15:26 INFO  [Training]: train_batch_size = [512] train_neg_sample_args: [{'distribution': 'none', 'sample_num': 'none', 'alpha': 'none', 'dynamic': False, 'candidate_num': 0}]
Sat 31 Aug 2024 13:15:26 INFO  [Evaluation]: eval_batch_size = [256] eval_args: [{'split': {'RS': [0.8, 0.1, 0.1]}, 'order': 'TO', 'group_by': 'user', 'mode': {'valid': 'full', 'test': 'full'}}]
Sat 31 Aug 2024 13:21:43 INFO  epoch 0 training [time: 376.96s, train loss: 10344.1301]
Sat 31 Aug 2024 13:21:58 INFO  epoch 0 evaluating [time: 14.92s, valid_score: 0.038300]
Sat 31 Aug 2024 13:21:58 INFO  valid result: 
recall@10 : 0.1167    mrr@10 : 0.0383    ndcg@10 : 0.0563    hit@10 : 0.1167    precision@10 : 0.0117
Sat 31 Aug 2024 13:21:58 INFO  Saving current: saved\BERT4Rec-Aug-31-2024_13-15-26.pth
Sat 31 Aug 2024 13:21:58 INFO  Loading model structure and parameters from saved\BERT4Rec-Aug-31-2024_13-15-26.pth
Sat 31 Aug 2024 13:25:09 INFO  [Training]: train_batch_size = [512] train_neg_sample_args: [{'distribution': 'none', 'sample_num': 'none', 'alpha': 'none', 'dynamic': False, 'candidate_num': 0}]
Sat 31 Aug 2024 13:25:09 INFO  [Evaluation]: eval_batch_size = [256] eval_args: [{'split': {'RS': [0.8, 0.1, 0.1]}, 'order': 'TO', 'group_by': 'user', 'mode': {'valid': 'full', 'test': 'full'}, 'topk': 5}]
Sat 31 Aug 2024 13:25:46 INFO  [Training]: train_batch_size = [512] train_neg_sample_args: [{'distribution': 'none', 'sample_num': 'none', 'alpha': 'none', 'dynamic': False, 'candidate_num': 0}]
Sat 31 Aug 2024 13:25:46 INFO  [Evaluation]: eval_batch_size = [256] eval_args: [{'split': {'RS': [0.8, 0.1, 0.1]}, 'order': 'TO', 'group_by': 'user', 'mode': {'valid': 'full', 'test': 'full'}, 'topk': 5}]
Sat 31 Aug 2024 13:32:47 INFO  epoch 0 training [time: 420.93s, train loss: 10344.1301]
Sat 31 Aug 2024 13:33:02 INFO  epoch 0 evaluating [time: 15.34s, valid_score: 0.038300]
Sat 31 Aug 2024 13:33:02 INFO  valid result: 
recall@10 : 0.1167    mrr@10 : 0.0383    ndcg@10 : 0.0563    hit@10 : 0.1167    precision@10 : 0.0117
Sat 31 Aug 2024 13:33:03 INFO  Saving current: saved\BERT4Rec-Aug-31-2024_13-25-46.pth
Sat 31 Aug 2024 13:40:20 INFO  epoch 1 training [time: 437.56s, train loss: 9227.7753]
Sat 31 Aug 2024 13:40:36 INFO  epoch 1 evaluating [time: 15.62s, valid_score: 0.046800]
Sat 31 Aug 2024 13:40:36 INFO  valid result: 
recall@10 : 0.141    mrr@10 : 0.0468    ndcg@10 : 0.0685    hit@10 : 0.141    precision@10 : 0.0141
Sat 31 Aug 2024 13:40:36 INFO  Saving current: saved\BERT4Rec-Aug-31-2024_13-25-46.pth
Sat 31 Aug 2024 13:47:51 INFO  epoch 2 training [time: 435.30s, train loss: 8931.5244]
Sat 31 Aug 2024 13:48:07 INFO  epoch 2 evaluating [time: 15.53s, valid_score: 0.051000]
Sat 31 Aug 2024 13:48:07 INFO  valid result: 
recall@10 : 0.153    mrr@10 : 0.051    ndcg@10 : 0.0745    hit@10 : 0.153    precision@10 : 0.0153
Sat 31 Aug 2024 13:48:07 INFO  Saving current: saved\BERT4Rec-Aug-31-2024_13-25-46.pth
Sat 31 Aug 2024 13:55:22 INFO  epoch 3 training [time: 435.40s, train loss: 8783.9756]
Sat 31 Aug 2024 13:55:37 INFO  epoch 3 evaluating [time: 15.44s, valid_score: 0.053100]
Sat 31 Aug 2024 13:55:37 INFO  valid result: 
recall@10 : 0.1598    mrr@10 : 0.0531    ndcg@10 : 0.0777    hit@10 : 0.1598    precision@10 : 0.016
Sat 31 Aug 2024 13:55:37 INFO  Saving current: saved\BERT4Rec-Aug-31-2024_13-25-46.pth
Sat 31 Aug 2024 14:02:52 INFO  epoch 4 training [time: 434.76s, train loss: 8709.2516]
Sat 31 Aug 2024 14:03:07 INFO  epoch 4 evaluating [time: 15.22s, valid_score: 0.055000]
Sat 31 Aug 2024 14:03:07 INFO  valid result: 
recall@10 : 0.1626    mrr@10 : 0.055    ndcg@10 : 0.0798    hit@10 : 0.1626    precision@10 : 0.0163
Sat 31 Aug 2024 14:03:07 INFO  Saving current: saved\BERT4Rec-Aug-31-2024_13-25-46.pth
Sat 31 Aug 2024 14:03:08 INFO  Loading model structure and parameters from saved\BERT4Rec-Aug-31-2024_13-25-46.pth
Sat 31 Aug 2024 19:08:40 INFO  [Training]: train_batch_size = [512] train_neg_sample_args: [{'distribution': 'none', 'sample_num': 'none', 'alpha': 'none', 'dynamic': False, 'candidate_num': 0}]
Sat 31 Aug 2024 19:08:40 INFO  [Evaluation]: eval_batch_size = [256] eval_args: [{'split': {'RS': [0.8, 0.1, 0.1]}, 'order': 'TO', 'group_by': 'user', 'mode': {'valid': 'full', 'test': 'full'}, 'topk': [5, 10]}]
Sat 31 Aug 2024 19:15:53 INFO  epoch 0 training [time: 432.30s, train loss: 10344.1301]
Sat 31 Aug 2024 19:16:09 INFO  epoch 0 evaluating [time: 16.08s, valid_score: 0.038300]
Sat 31 Aug 2024 19:16:09 INFO  valid result: 
recall@10 : 0.1167    mrr@10 : 0.0383    ndcg@10 : 0.0563    hit@10 : 0.1167    precision@10 : 0.0117
Sat 31 Aug 2024 19:16:09 INFO  Saving current: saved\BERT4Rec-Aug-31-2024_19-08-40.pth
Sat 31 Aug 2024 19:22:02 INFO  epoch 1 training [time: 353.58s, train loss: 9227.7753]
Sat 31 Aug 2024 19:22:18 INFO  epoch 1 evaluating [time: 15.66s, valid_score: 0.046800]
Sat 31 Aug 2024 19:22:18 INFO  valid result: 
recall@10 : 0.141    mrr@10 : 0.0468    ndcg@10 : 0.0685    hit@10 : 0.141    precision@10 : 0.0141
Sat 31 Aug 2024 19:22:18 INFO  Saving current: saved\BERT4Rec-Aug-31-2024_19-08-40.pth
